2026-08-06 16:52:04 | INFO | Executing Test 1 Dry-Run (Log-Proxy Sigma Validity)...
2026-08-06 16:52:04 | INFO | Running Test 1 Dry-Run Simulation (Sigma Validity)...
2026-08-06 16:52:08 | INFO | Note: NumExpr detected 16 cores but "NUMEXPR_MAX_THREADS" not set, so enforcing safe limit of 8.
2026-08-06 16:52:08 | INFO | NumExpr defaulting to 8 threads.
2026-08-06 16:52:09 | INFO | ✓ Mock data generation complete. Running analysis...
2026-08-06 16:52:09 | INFO | --- Feature Correlation with ΔQuality (Real σ − Shuffled σ) ---
2026-08-06 16:52:09 | INFO |   mean_sigma           : Spearman r = +0.6578 (p = 0.0001)
2026-08-06 16:52:09 | INFO |   mean_delta_mu        : Spearman r = -0.0403 (p = 0.8327)
2026-08-06 16:52:09 | INFO | Saved summary CSV to: runs/sigma_validity/sigma_validity_summary.csv
2026-08-06 16:52:10 | INFO | Saved bar-chart plot to: runs/tribunal_plots/sigma_validity/sigma_validity_gap.png
2026-08-06 16:52:10 | INFO | Saved scatter plot to: runs/tribunal_plots/sigma_validity/sigma_validity_scatter.png
2026-08-06 16:52:10 | INFO | ✓ Test 1 Dry-Run completed successfully!
2026-08-06 16:52:10 | INFO | 
Executing Test 2 Dry-Run (Thurstonian Tournament Value)...
2026-08-06 16:52:10 | INFO | Running Test 2 Dry-Run Simulation (Thurstonian Tournament Value)...
2026-08-06 16:52:11 | INFO | ✓ Mock data generation complete. Running offline analysis...
2026-08-06 16:52:11 | INFO | --- Data-Driven Feature Correlation with ΔQuality (Thurstonian − BT_w0) ---
2026-08-06 16:52:11 | INFO |   mean_delta_mu        : Spearman r = -0.4345 (p = 0.0164)
2026-08-06 16:52:11 | INFO |   mean_sigma           : Spearman r = +0.4247 (p = 0.0193)
2026-08-06 16:52:11 | INFO |   disagreement_rate    : Spearman r = +0.4443 (p = 0.0139)
2026-08-06 16:52:11 | INFO | Saved post-hoc confident subset prompts to: runs/tournament_value/confident_subset.csv
2026-08-06 16:52:11 | INFO | Saved bar-chart plot to: runs/tribunal_plots/tournament_value/tournament_value_gap.png
2026-08-06 16:52:11 | INFO | Saved scatter plot to: runs/tribunal_plots/tournament_value/delta_quality_vs_delta_mu_scatter.png
2026-08-06 16:52:11 | INFO | ✓ Test 2 Dry-Run finished successfully!
2026-08-06 17:48:28 | INFO | Executing Test 1 Dry-Run (Log-Proxy Sigma Validity)...
2026-08-06 17:48:28 | INFO | Running Test 1 Dry-Run Simulation (Sigma Validity)...
2026-08-06 17:48:31 | INFO | Note: NumExpr detected 16 cores but "NUMEXPR_MAX_THREADS" not set, so enforcing safe limit of 8.
2026-08-06 17:48:31 | INFO | NumExpr defaulting to 8 threads.
2026-08-06 17:48:31 | INFO | ✓ Mock data generation complete. Running analysis...
2026-08-06 17:48:31 | INFO | --- Feature Correlation with ΔQuality (Real σ − Shuffled σ) ---
2026-08-06 17:48:31 | INFO |   mean_sigma           : Spearman r = +0.6578 (p = 0.0001)
2026-08-06 17:48:31 | INFO |   mean_delta_mu        : Spearman r = -0.0403 (p = 0.8327)
2026-08-06 17:48:31 | INFO | Saved summary CSV to: runs/sigma_validity/sigma_validity_summary.csv
2026-08-06 17:48:31 | INFO | Saved bar-chart plot to: runs/tribunal_plots/sigma_validity/sigma_validity_gap.png
2026-08-06 17:48:32 | INFO | Saved scatter plot to: runs/tribunal_plots/sigma_validity/sigma_validity_scatter.png
2026-08-06 17:48:32 | INFO | ✓ Test 1 Dry-Run completed successfully!
2026-08-06 17:48:32 | INFO | 
Executing Test 2 Dry-Run (Thurstonian Tournament Value)...
2026-08-06 17:48:32 | INFO | Running Test 2 Dry-Run Simulation (Thurstonian Tournament Value)...
2026-08-06 17:48:32 | INFO | ✓ Mock data generation complete. Running offline analysis...
2026-08-06 17:48:32 | INFO | --- Data-Driven Feature Correlation with ΔQuality (Thurstonian − BT_w0) ---
2026-08-06 17:48:32 | INFO |   mean_delta_mu        : Spearman r = -0.4345 (p = 0.0164)
2026-08-06 17:48:32 | INFO |   mean_sigma           : Spearman r = +0.4247 (p = 0.0193)
2026-08-06 17:48:32 | INFO |   disagreement_rate    : Spearman r = +0.4443 (p = 0.0139)
2026-08-06 17:48:32 | INFO | Saved post-hoc confident subset prompts to: runs/tournament_value/confident_subset.csv
2026-08-06 17:48:32 | INFO | Saved bar-chart plot to: runs/tribunal_plots/tournament_value/tournament_value_gap.png
2026-08-06 17:48:33 | INFO | Saved scatter plot to: runs/tribunal_plots/tournament_value/delta_quality_vs_delta_mu_scatter.png
2026-08-06 17:48:33 | INFO | ✓ Test 2 Dry-Run finished successfully!
2026-08-06 18:16:35 | INFO | Executing Test 1 Dry-Run (Log-Proxy Sigma Validity)...
2026-08-06 18:16:35 | INFO | Running Test 1 Dry-Run Simulation (Sigma Validity)...
2026-08-06 18:16:38 | INFO | Note: NumExpr detected 16 cores but "NUMEXPR_MAX_THREADS" not set, so enforcing safe limit of 8.
2026-08-06 18:16:38 | INFO | NumExpr defaulting to 8 threads.
2026-08-06 18:16:38 | INFO | ✓ Mock data generation complete. Running analysis...
2026-08-06 18:16:38 | INFO | --- Feature Correlation with ΔQuality (Real σ − Shuffled σ) ---
2026-08-06 18:16:38 | INFO |   mean_sigma           : Spearman r = +0.6578 (p = 0.0001)
2026-08-06 18:16:38 | INFO |   mean_delta_mu        : Spearman r = -0.0403 (p = 0.8327)
2026-08-06 18:16:38 | INFO | Saved summary CSV to: runs/sigma_validity/sigma_validity_summary.csv
2026-08-06 18:16:39 | INFO | Saved bar-chart plot to: runs/tribunal_plots/sigma_validity/sigma_validity_gap.png
2026-08-06 18:16:39 | INFO | Saved scatter plot to: runs/tribunal_plots/sigma_validity/sigma_validity_scatter.png
2026-08-06 18:16:39 | INFO | ✓ Test 1 Dry-Run completed successfully!
2026-08-06 18:16:39 | INFO | 
Executing Test 2 Dry-Run (Thurstonian Tournament Value)...
2026-08-06 18:16:39 | INFO | Running Test 2 Dry-Run Simulation (Thurstonian Tournament Value)...
2026-08-06 18:16:39 | INFO | ✓ Mock data generation complete. Running offline analysis...
2026-08-06 18:16:39 | INFO | --- Data-Driven Feature Correlation with ΔQuality (Thurstonian − BT_w0) ---
2026-08-06 18:16:39 | INFO |   mean_delta_mu        : Spearman r = -0.4345 (p = 0.0164)
2026-08-06 18:16:39 | INFO |   mean_sigma           : Spearman r = +0.4247 (p = 0.0193)
2026-08-06 18:16:39 | INFO |   disagreement_rate    : Spearman r = +0.4443 (p = 0.0139)
2026-08-06 18:16:39 | INFO | Saved post-hoc confident subset prompts to: runs/tournament_value/confident_subset.csv
2026-08-06 18:16:40 | INFO | Saved bar-chart plot to: runs/tribunal_plots/tournament_value/tournament_value_gap.png
2026-08-06 18:16:40 | INFO | Saved scatter plot to: runs/tribunal_plots/tournament_value/delta_quality_vs_delta_mu_scatter.png
2026-08-06 18:16:40 | INFO | ✓ Test 2 Dry-Run finished successfully!
2026-08-06 19:38:20 | INFO | Executing Test 1 Dry-Run (Log-Proxy Sigma Validity)...
2026-08-06 19:38:20 | INFO | Running Test 1 Dry-Run Simulation (Sigma Validity)...
2026-08-06 19:38:21 | INFO | Note: NumExpr detected 16 cores but "NUMEXPR_MAX_THREADS" not set, so enforcing safe limit of 8.
2026-08-06 19:38:21 | INFO | NumExpr defaulting to 8 threads.
2026-08-06 19:38:21 | INFO | ✓ Mock data generation complete. Running analysis...
2026-08-06 19:38:22 | INFO | --- Feature Correlation with ΔQuality (Real σ − Shuffled σ) ---
2026-08-06 19:38:22 | INFO |   mean_sigma           : Spearman r = +0.6578 (p = 0.0001)
2026-08-06 19:38:22 | INFO |   mean_delta_mu        : Spearman r = -0.0403 (p = 0.8327)
2026-08-06 19:38:22 | INFO | Saved summary CSV to: runs/sigma_validity/sigma_validity_summary.csv
2026-08-06 19:38:22 | INFO | Saved bar-chart plot to: runs/tribunal_plots/sigma_validity/sigma_validity_gap.png
2026-08-06 19:38:22 | INFO | Saved scatter plot to: runs/tribunal_plots/sigma_validity/sigma_validity_scatter.png
2026-08-06 19:38:22 | INFO | ✓ Test 1 Dry-Run completed successfully!
2026-08-06 19:38:22 | INFO | 
Executing Test 2 Dry-Run (Thurstonian Tournament Value)...
2026-08-06 19:38:22 | INFO | Running Test 2 Dry-Run Simulation (Thurstonian Tournament Value)...
2026-08-06 19:38:22 | INFO | ✓ Mock data generation complete. Running offline analysis...
2026-08-06 19:38:22 | INFO | --- Data-Driven Feature Correlation with ΔQuality (Thurstonian − BT_w0) ---
2026-08-06 19:38:22 | INFO |   mean_delta_mu        : Spearman r = -0.4345 (p = 0.0164)
2026-08-06 19:38:22 | INFO |   mean_sigma           : Spearman r = +0.4247 (p = 0.0193)
2026-08-06 19:38:22 | INFO |   disagreement_rate    : Spearman r = +0.4443 (p = 0.0139)
2026-08-06 19:38:22 | INFO | Saved post-hoc confident subset prompts to: runs/tournament_value/confident_subset.csv
2026-08-06 19:38:22 | INFO | Saved bar-chart plot to: runs/tribunal_plots/tournament_value/tournament_value_gap.png
2026-08-06 19:38:22 | INFO | Saved scatter plot to: runs/tribunal_plots/tournament_value/delta_quality_vs_delta_mu_scatter.png
2026-08-06 19:38:22 | INFO | ✓ Test 2 Dry-Run finished successfully!
2026-08-06 19:57:55 | INFO | Executing Test 1 Dry-Run (Log-Proxy Sigma Validity)...
2026-08-06 19:57:55 | INFO | Running Test 1 Dry-Run Simulation (Sigma Validity)...
2026-08-06 19:57:56 | INFO | Note: NumExpr detected 16 cores but "NUMEXPR_MAX_THREADS" not set, so enforcing safe limit of 8.
2026-08-06 19:57:56 | INFO | NumExpr defaulting to 8 threads.
2026-08-06 19:57:56 | INFO | ✓ Mock data generation complete. Running analysis...
2026-08-06 19:57:57 | INFO | --- Feature Correlation with ΔQuality (Real σ − Shuffled σ) ---
2026-08-06 19:57:57 | INFO |   mean_sigma           : Spearman r = +0.6578 (p = 0.0001)
2026-08-06 19:57:57 | INFO |   mean_delta_mu        : Spearman r = -0.0403 (p = 0.8327)
2026-08-06 19:57:57 | INFO | Saved summary CSV to: runs/sigma_validity/sigma_validity_summary.csv
2026-08-06 19:57:57 | INFO | Saved bar-chart plot to: runs/tribunal_plots/sigma_validity/sigma_validity_gap.png
2026-08-06 19:57:57 | INFO | Saved scatter plot to: runs/tribunal_plots/sigma_validity/sigma_validity_scatter.png
2026-08-06 19:57:57 | INFO | ✓ Test 1 Dry-Run completed successfully!
2026-08-06 19:57:57 | INFO | 
Executing Test 2 Dry-Run (Thurstonian Tournament Value)...
2026-08-06 19:57:57 | INFO | Running Test 2 Dry-Run Simulation (Thurstonian Tournament Value)...
2026-08-06 19:57:57 | INFO | ✓ Mock data generation complete. Running offline analysis...
2026-08-06 19:57:57 | INFO | --- Data-Driven Feature Correlation with ΔQuality (Thurstonian − BT_w0) ---
2026-08-06 19:57:57 | INFO |   mean_delta_mu        : Spearman r = -0.4345 (p = 0.0164)
2026-08-06 19:57:57 | INFO |   mean_sigma           : Spearman r = +0.4247 (p = 0.0193)
2026-08-06 19:57:57 | INFO |   disagreement_rate    : Spearman r = +0.4443 (p = 0.0139)
2026-08-06 19:57:57 | INFO | Saved post-hoc confident subset prompts to: runs/tournament_value/confident_subset.csv
2026-08-06 19:57:57 | INFO | Saved bar-chart plot to: runs/tribunal_plots/tournament_value/tournament_value_gap.png
2026-08-06 19:57:57 | INFO | Saved scatter plot to: runs/tribunal_plots/tournament_value/delta_quality_vs_delta_mu_scatter.png
2026-08-06 19:57:57 | INFO | ✓ Test 2 Dry-Run finished successfully!
2026-08-07 14:08:00 | INFO | Executing Test 1 Dry-Run (Log-Proxy Sigma Validity)...
2026-08-07 14:08:00 | INFO | Running Test 1 Dry-Run Simulation (Sigma Validity)...
2026-08-07 14:08:18 | INFO | Executing Test 1 Dry-Run (Log-Proxy Sigma Validity)...
2026-08-07 14:08:18 | INFO | Running Test 1 Dry-Run Simulation (Sigma Validity)...
2026-08-07 14:08:31 | INFO | Executing Test 1 Dry-Run (Log-Proxy Sigma Validity)...
2026-08-07 14:08:31 | INFO | Running Test 1 Dry-Run Simulation (Sigma Validity)...
2026-08-07 14:08:32 | INFO | ✓ Mock data generation complete. Running analysis...
2026-08-07 14:08:32 | ERROR | pandas and matplotlib are required. Install via: pip install pandas matplotlib
2026-08-07 14:08:32 | INFO | ✓ Test 1 Dry-Run completed successfully!
2026-08-07 14:08:32 | INFO | 
Executing Test 2 Dry-Run (Thurstonian Tournament Value)...
2026-08-07 14:08:32 | INFO | Running Test 2 Dry-Run Simulation (Thurstonian Tournament Value)...
2026-08-07 14:08:32 | INFO | ✓ Mock data generation complete. Running offline analysis...
2026-08-07 14:08:32 | ERROR | pandas, matplotlib, and scipy are required. Install via: pip install pandas matplotlib scipy
2026-08-07 14:08:32 | INFO | ✓ Test 2 Dry-Run finished successfully!
